t.js:13 ALL BASE RESOURCES LOADED
t.js:13 Pendo is currently disabled.
t.js:13 Pendo is initialized
t.js:13 preloading 554845777 with 12 pages left
t.js:13 no pre rendering needed
t.js:13 GENERAL_RESOURCES_CACHE: OK
t.js:13 VIEW_READY: SUCCESS
t.js:13 Unknown origin or unrecognized command: https://uio.inspera.no undefined undefined MessageEvent
t.js:13 preloading 554848429 with 11 pages left
t.js:13 wait short time
t.js:13 MathJax initial typesetting complete
t.js:13 VIEW_READY: SUCCESS
t.js:13 preloading 554871513 with 10 pages left
t.js:13 wait short time
t.js:13 preloading 554871949 with 9 pages left
t.js:13 wait short time
t.js:13 preloading 554872032 with 8 pages left
t.js:13 wait short time
t.js:13 preloading 554872095 with 7 pages left
t.js:13 wait short time
t.js:13 preloading 554873341 with 6 pages left
t.js:13 wait short time
t.js:13 preloading 554872358 with 5 pages left
t.js:13 wait short time
t.js:13 preloading 554824790 with 4 pages left
t.js:13 wait short time
t.js:13 preloading 554872937 with 3 pages left
t.js:13 wait short time
t.js:13 preloading 554872991 with 2 pages left
t.js:13 wait short time
t.js:13 preloading 554839081 with 1 pages left
t.js:13 wait short time
t.js:13 VIEW_READY: SUCCESS
t.js:13 VIEW_READY: SUCCESS
t.js:13 VIEW_READY: SUCCESS
t.js:13 preloading 554873034 with 0 pages left
t.js:13 wait short time
t.js:13 VIEW_READY: SUCCESS
t.js:13 VIEW_READY: SUCCESS
